﻿
> huzur-app@18.0.0 build
> vite build

[36mvite v7.3.1 [32mbuilding client environment for production...[36m[39m
transforming...
[32mÔ£ô[39m 120 modules transformed.
node.exe : [31mÔ£ù[39m Build failed in 654ms
At line:1 char:1
+ & "G:\Program Files\nodejs/node.exe" "G:\Program Files\nodejs/node_mo ...
+ ~~~~~~~~~~~~~~~~~~~~~~~~~~~~~~~~~~~~~~~~~~~~~~~~~~~~~~~~~~~~~~~~~~~~~
    + CategoryInfo          : NotSpecified: ([31mÔ£ù[39m Build failed in 654m    
s:String) [], RemoteException
    + FullyQualifiedErrorId : NativeCommandError
 
[31merror during build:
[31m[vite]: Rollup failed to resolve import "@brandonknudsen/admob-native-advanced
" from "D:/Projem/src/services/nativeAdService.js".
This is most likely unintended because it can break your application at runtime.
If you do want to externalize this module explicitly add it to
`build.rollupOptions.external`[31m
    at viteLog (file:///D:/Projem/node_modules/vite/dist/node/chunks/config.js:3363
5:57)
    at file:///D:/Projem/node_modules/vite/dist/node/chunks/config.js:33669:73
    at onwarn (file:///D:/Projem/node_modules/@vitejs/plugin-react/dist/index.js:76
:7)
    at file:///D:/Projem/node_modules/vite/dist/node/chunks/config.js:33669:28
    at onRollupLog (file:///D:/Projem/node_modules/vite/dist/node/chunks/config.js:
33664:63)
    at onLog (file:///D:/Projem/node_modules/vite/dist/node/chunks/config.js:33467:
4)
    at file:///D:/Projem/node_modules/rollup/dist/es/shared/node-entry.js:20958:32
    at Object.logger [as onLog] (file:///D:/Projem/node_modules/rollup/dist/es/shar
ed/node-entry.js:22945:9)
    at ModuleLoader.handleInvalidResolvedId (file:///D:/Projem/node_modules/rollup/
dist/es/shared/node-entry.js:21689:26)
    at file:///D:/Projem/node_modules/rollup/dist/es/shared/node-entry.js:21647:26
[39m
